Archive member included to satisfy reference by file (symbol)

c:/st/stm32cubeide_1.8.0/stm32cubeide/plugins/com.st.stm32cube.ide.mcu.externaltools.gnu-tools-for-stm32.9-2020-q2-update.win32_2.0.0.202105311346/tools/bin/../lib/gcc/arm-none-eabi/9.3.1/../../../../arm-none-eabi/lib/thumb/v7-m/nofp\libc_nano.a(lib_a-calloc.o)
                              ./LEC315/Src/LEC315.o (calloc)
c:/st/stm32cubeide_1.8.0/stm32cubeide/plugins/com.st.stm32cube.ide.mcu.externaltools.gnu-tools-for-stm32.9-2020-q2-update.win32_2.0.0.202105311346/tools/bin/../lib/gcc/arm-none-eabi/9.3.1/../../../../arm-none-eabi/lib/thumb/v7-m/nofp\libc_nano.a(lib_a-errno.o)
                              ./Core/Src/syscalls.o (__errno)
c:/st/stm32cubeide_1.8.0/stm32cubeide/plugins/com.st.stm32cube.ide.mcu.externaltools.gnu-tools-for-stm32.9-2020-q2-update.win32_2.0.0.202105311346/tools/bin/../lib/gcc/arm-none-eabi/9.3.1/../../../../arm-none-eabi/lib/thumb/v7-m/nofp\libc_nano.a(lib_a-exit.o)
                              c:/st/stm32cubeide_1.8.0/stm32cubeide/plugins/com.st.stm32cube.ide.mcu.externaltools.gnu-tools-for-stm32.9-2020-q2-update.win32_2.0.0.202105311346/tools/bin/../lib/gcc/arm-none-eabi/9.3.1/../../../../arm-none-eabi/lib/thumb/v7-m/nofp/crt0.o (exit)
c:/st/stm32cubeide_1.8.0/stm32cubeide/plugins/com.st.stm32cube.ide.mcu.externaltools.gnu-tools-for-stm32.9-2020-q2-update.win32_2.0.0.202105311346/tools/bin/../lib/gcc/arm-none-eabi/9.3.1/../../../../arm-none-eabi/lib/thumb/v7-m/nofp\libc_nano.a(lib_a-impure.o)
                              c:/st/stm32cubeide_1.8.0/stm32cubeide/plugins/com.st.stm32cube.ide.mcu.externaltools.gnu-tools-for-stm32.9-2020-q2-update.win32_2.0.0.202105311346/tools/bin/../lib/gcc/arm-none-eabi/9.3.1/../../../../arm-none-eabi/lib/thumb/v7-m/nofp\libc_nano.a(lib_a-exit.o) (_global_impure_ptr)
c:/st/stm32cubeide_1.8.0/stm32cubeide/plugins/com.st.stm32cube.ide.mcu.externaltools.gnu-tools-for-stm32.9-2020-q2-update.win32_2.0.0.202105311346/tools/bin/../lib/gcc/arm-none-eabi/9.3.1/../../../../arm-none-eabi/lib/thumb/v7-m/nofp\libc_nano.a(lib_a-init.o)
                              c:/st/stm32cubeide_1.8.0/stm32cubeide/plugins/com.st.stm32cube.ide.mcu.externaltools.gnu-tools-for-stm32.9-2020-q2-update.win32_2.0.0.202105311346/tools/bin/../lib/gcc/arm-none-eabi/9.3.1/../../../../arm-none-eabi/lib/thumb/v7-m/nofp/crt0.o (__libc_init_array)
c:/st/stm32cubeide_1.8.0/stm32cubeide/plugins/com.st.stm32cube.ide.mcu.externaltools.gnu-tools-for-stm32.9-2020-q2-update.win32_2.0.0.202105311346/tools/bin/../lib/gcc/arm-none-eabi/9.3.1/../../../../arm-none-eabi/lib/thumb/v7-m/nofp\libc_nano.a(lib_a-memset.o)
                              c:/st/stm32cubeide_1.8.0/stm32cubeide/plugins/com.st.stm32cube.ide.mcu.externaltools.gnu-tools-for-stm32.9-2020-q2-update.win32_2.0.0.202105311346/tools/bin/../lib/gcc/arm-none-eabi/9.3.1/../../../../arm-none-eabi/lib/thumb/v7-m/nofp/crt0.o (memset)
c:/st/stm32cubeide_1.8.0/stm32cubeide/plugins/com.st.stm32cube.ide.mcu.externaltools.gnu-tools-for-stm32.9-2020-q2-update.win32_2.0.0.202105311346/tools/bin/../lib/gcc/arm-none-eabi/9.3.1/../../../../arm-none-eabi/lib/thumb/v7-m/nofp\libc_nano.a(lib_a-nano-callocr.o)
                              c:/st/stm32cubeide_1.8.0/stm32cubeide/plugins/com.st.stm32cube.ide.mcu.externaltools.gnu-tools-for-stm32.9-2020-q2-update.win32_2.0.0.202105311346/tools/bin/../lib/gcc/arm-none-eabi/9.3.1/../../../../arm-none-eabi/lib/thumb/v7-m/nofp\libc_nano.a(lib_a-calloc.o) (_calloc_r)
c:/st/stm32cubeide_1.8.0/stm32cubeide/plugins/com.st.stm32cube.ide.mcu.externaltools.gnu-tools-for-stm32.9-2020-q2-update.win32_2.0.0.202105311346/tools/bin/../lib/gcc/arm-none-eabi/9.3.1/../../../../arm-none-eabi/lib/thumb/v7-m/nofp\libc_nano.a(lib_a-nano-mallocr.o)
                              c:/st/stm32cubeide_1.8.0/stm32cubeide/plugins/com.st.stm32cube.ide.mcu.externaltools.gnu-tools-for-stm32.9-2020-q2-update.win32_2.0.0.202105311346/tools/bin/../lib/gcc/arm-none-eabi/9.3.1/../../../../arm-none-eabi/lib/thumb/v7-m/nofp\libc_nano.a(lib_a-nano-callocr.o) (_malloc_r)
c:/st/stm32cubeide_1.8.0/stm32cubeide/plugins/com.st.stm32cube.ide.mcu.externaltools.gnu-tools-for-stm32.9-2020-q2-update.win32_2.0.0.202105311346/tools/bin/../lib/gcc/arm-none-eabi/9.3.1/../../../../arm-none-eabi/lib/thumb/v7-m/nofp\libc_nano.a(lib_a-sbrkr.o)
                              c:/st/stm32cubeide_1.8.0/stm32cubeide/plugins/com.st.stm32cube.ide.mcu.externaltools.gnu-tools-for-stm32.9-2020-q2-update.win32_2.0.0.202105311346/tools/bin/../lib/gcc/arm-none-eabi/9.3.1/../../../../arm-none-eabi/lib/thumb/v7-m/nofp\libc_nano.a(lib_a-nano-mallocr.o) (_sbrk_r)
c:/st/stm32cubeide_1.8.0/stm32cubeide/plugins/com.st.stm32cube.ide.mcu.externaltools.gnu-tools-for-stm32.9-2020-q2-update.win32_2.0.0.202105311346/tools/bin/../lib/gcc/arm-none-eabi/9.3.1/../../../../arm-none-eabi/lib/thumb/v7-m/nofp\libc_nano.a(lib_a-sprintf.o)
                              ./LEC315/Src/LEC315.o (sprintf)
[...]
Memory Configuration

Name             Origin             Length             Attributes
RAM              0x0000000020000000 0x0000000000005000 xrw
FLASH            0x0000000008000000 0x0000000000010000 xr
*default*        0x0000000000000000 0xffffffffffffffff

Linker script and memory map

LOAD c:/st/stm32cubeide_1.8.0/stm32cubeide/plugins/com.st.stm32cube.ide.mcu.externaltools.gnu-tools-for-stm32.9-2020-q2-update.win32_2.0.0.202105311346/tools/bin/../lib/gcc/arm-none-eabi/9.3.1/thumb/v7-m/nofp/crti.o
LOAD c:/st/stm32cubeide_1.8.0/stm32cubeide/plugins/com.st.stm32cube.ide.mcu.externaltools.gnu-tools-for-stm32.9-2020-q2-update.win32_2.0.0.202105311346/tools/bin/../lib/gcc/arm-none-eabi/9.3.1/thumb/v7-m/nofp/crtbegin.o
LOAD c:/st/stm32cubeide_1.8.0/stm32cubeide/plugins/com.st.stm32cube.ide.mcu.externaltools.gnu-tools-for-stm32.9-2020-q2-update.win32_2.0.0.202105311346/tools/bin/../lib/gcc/arm-none-eabi/9.3.1/../../../../arm-none-eabi/lib/thumb/v7-m/nofp/crt0.o
LOAD ./Core/Src/main.o
LOAD ./Core/Src/stm32f1xx_hal_msp.o
LOAD ./Core/Src/stm32f1xx_it.o
LOAD ./Core/Src/syscalls.o
LOAD ./Core/Src/sysmem.o
LOAD ./Core/Src/system_stm32f1xx.o
LOAD ./Core/Startup/startup_stm32f103c8tx.o
LOAD ./Drivers/STM32F1xx_HAL_Driver/Src/stm32f1xx_hal.o
LOAD ./Drivers/STM32F1xx_HAL_Driver/Src/stm32f1xx_hal_cortex.o
LOAD ./Drivers/STM32F1xx_HAL_Driver/Src/stm32f1xx_hal_dma.o
LOAD ./Drivers/STM32F1xx_HAL_Driver/Src/stm32f1xx_hal_exti.o
LOAD ./Drivers/STM32F1xx_HAL_Driver/Src/stm32f1xx_hal_flash.o
LOAD ./Drivers/STM32F1xx_HAL_Driver/Src/stm32f1xx_hal_flash_ex.o
LOAD ./Drivers/STM32F1xx_HAL_Driver/Src/stm32f1xx_hal_gpio.o
LOAD ./Drivers/STM32F1xx_HAL_Driver/Src/stm32f1xx_hal_gpio_ex.o
LOAD ./Drivers/STM32F1xx_HAL_Driver/Src/stm32f1xx_hal_pwr.o
LOAD ./Drivers/STM32F1xx_HAL_Driver/Src/stm32f1xx_hal_rcc.o
LOAD ./Drivers/STM32F1xx_HAL_Driver/Src/stm32f1xx_hal_rcc_ex.o
LOAD ./Drivers/STM32F1xx_HAL_Driver/Src/stm32f1xx_hal_tim.o
LOAD ./Drivers/STM32F1xx_HAL_Driver/Src/stm32f1xx_hal_tim_ex.o
LOAD ./Drivers/STM32F1xx_HAL_Driver/Src/stm32f1xx_hal_uart.o
LOAD ./LEC315/Src/LEC315.o
START GROUP
LOAD c:/st/stm32cubeide_1.8.0/stm32cubeide/plugins/com.st.stm32cube.ide.mcu.externaltools.gnu-tools-for-stm32.9-2020-q2-update.win32_2.0.0.202105311346/tools/bin/../lib/gcc/arm-none-eabi/9.3.1/../../../../arm-none-eabi/lib/thumb/v7-m/nofp\libc_nano.a
LOAD c:/st/stm32cubeide_1.8.0/stm32cubeide/plugins/com.st.stm32cube.ide.mcu.externaltools.gnu-tools-for-stm32.9-2020-q2-update.win32_2.0.0.202105311346/tools/bin/../lib/gcc/arm-none-eabi/9.3.1/../../../../arm-none-eabi/lib/thumb/v7-m/nofp\libm.a
END GROUP
START GROUP
LOAD c:/st/stm32cubeide_1.8.0/stm32cubeide/plugins/com.st.stm32cube.ide.mcu.externaltools.gnu-tools-for-stm32.9-2020-q2-update.win32_2.0.0.202105311346/tools/bin/../lib/gcc/arm-none-eabi/9.3.1/thumb/v7-m/nofp\libgcc.a
LOAD c:/st/stm32cubeide_1.8.0/stm32cubeide/plugins/com.st.stm32cube.ide.mcu.externaltools.gnu-tools-for-stm32.9-2020-q2-update.win32_2.0.0.202105311346/tools/bin/../lib/gcc/arm-none-eabi/9.3.1/../../../../arm-none-eabi/lib/thumb/v7-m/nofp\libc_nano.a
END GROUP
START GROUP
LOAD c:/st/stm32cubeide_1.8.0/stm32cubeide/plugins/com.st.stm32cube.ide.mcu.externaltools.gnu-tools-for-stm32.9-2020-q2-update.win32_2.0.0.202105311346/tools/bin/../lib/gcc/arm-none-eabi/9.3.1/thumb/v7-m/nofp\libgcc.a
LOAD c:/st/stm32cubeide_1.8.0/stm32cubeide/plugins/com.st.stm32cube.ide.mcu.externaltools.gnu-tools-for-stm32.9-2020-q2-update.win32_2.0.0.202105311346/tools/bin/../lib/gcc/arm-none-eabi/9.3.1/../../../../arm-none-eabi/lib/thumb/v7-m/nofp\libc_nano.a
LOAD c:/st/stm32cubeide_1.8.0/stm32cubeide/plugins/com.st.stm32cube.ide.mcu.externaltools.gnu-tools-for-stm32.9-2020-q2-update.win32_2.0.0.202105311346/tools/bin/../lib/gcc/arm-none-eabi/9.3.1/../../../../arm-none-eabi/lib/thumb/v7-m/nofp\libnosys.a
END GROUP
START GROUP
LOAD c:/st/stm32cubeide_1.8.0/stm32cubeide/plugins/com.st.stm32cube.ide.mcu.externaltools.gnu-tools-for-stm32.9-2020-q2-update.win32_2.0.0.202105311346/tools/bin/../lib/gcc/arm-none-eabi/9.3.1/thumb/v7-m/nofp\libgcc.a
LOAD c:/st/stm32cubeide_1.8.0/stm32cubeide/plugins/com.st.stm32cube.ide.mcu.externaltools.gnu-tools-for-stm32.9-2020-q2-update.win32_2.0.0.202105311346/tools/bin/../lib/gcc/arm-none-eabi/9.3.1/../../../../arm-none-eabi/lib/thumb/v7-m/nofp\libc_nano.a
LOAD c:/st/stm32cubeide_1.8.0/stm32cubeide/plugins/com.st.stm32cube.ide.mcu.externaltools.gnu-tools-for-stm32.9-2020-q2-update.win32_2.0.0.202105311346/tools/bin/../lib/gcc/arm-none-eabi/9.3.1/../../../../arm-none-eabi/lib/thumb/v7-m/nofp\libnosys.a
END GROUP
LOAD c:/st/stm32cubeide_1.8.0/stm32cubeide/plugins/com.st.stm32cube.ide.mcu.externaltools.gnu-tools-for-stm32.9-2020-q2-update.win32_2.0.0.202105311346/tools/bin/../lib/gcc/arm-none-eabi/9.3.1/thumb/v7-m/nofp/crtend.o
LOAD c:/st/stm32cubeide_1.8.0/stm32cubeide/plugins/com.st.stm32cube.ide.mcu.externaltools.gnu-tools-for-stm32.9-2020-q2-update.win32_2.0.0.202105311346/tools/bin/../lib/gcc/arm-none-eabi/9.3.1/thumb/v7-m/nofp/crtn.o
                0x0000000020005000                _estack = (ORIGIN (RAM) + LENGTH (RAM))
                0x0000000000000200                _Min_Heap_Size = 0x200
                0x0000000000000400                _Min_Stack_Size = 0x400

.isr_vector     0x0000000008000000      0x10c
                0x0000000008000000                . = ALIGN (0x4)
 *(.isr_vector)
 .isr_vector    0x0000000008000000      0x10c ./Core/Startup/startup_stm32f103c8tx.o
                0x0000000008000000                g_pfnVectors
                0x000000000800010c                . = ALIGN (0x4)

.text           0x000000000800010c     0x13b4
                0x000000000800010c                . = ALIGN (0x4)
 *(.text)
 .text          0x000000000800010c       0x40 c:/st/stm32cubeide_1.8.0/stm32cubeide/plugins/com.st.stm32cube.ide.mcu.externaltools.gnu-tools-for-stm32.9-2020-q2-update.win32_2.0.0.202105311346/tools/bin/../lib/gcc/arm-none-eabi/9.3.1/thumb/v7-m/nofp/crtbegin.o
 *(.text*)
 .text.main     0x000000000800014c       0x16 ./Core/Src/main.o
                0x000000000800014c                main
 .text.SystemClock_Config
                0x0000000008000162       0x8a ./Core/Src/main.o
                0x0000000008000162                SystemClock_Config
 .text.MX_USART3_UART_Init
                0x00000000080001ec       0x54 ./Core/Src/main.o
 .text.MX_GPIO_Init
                0x0000000008000240       0xb0 ./Core/Src/main.o
 .text.Error_Handler
                0x00000000080002f0        0xa ./Core/Src/main.o
                0x00000000080002f0                Error_Handler
 *fill*         0x00000000080002fa        0x2 
 .text.HAL_MspInit
                0x00000000080002fc       0x64 ./Core/Src/stm32f1xx_hal_msp.o
                0x00000000080002fc                HAL_MspInit
 .text.HAL_UART_MspInit
                0x0000000008000360       0x98 ./Core/Src/stm32f1xx_hal_msp.o
                0x0000000008000360                HAL_UART_MspInit
 .text.NMI_Handler
                0x00000000080003f8        0x6 ./Core/Src/stm32f1xx_it.o
                0x00000000080003f8                NMI_Handler
 .text.HardFault_Handler
                0x00000000080003fe        0x6 ./Core/Src/stm32f1xx_it.o
                0x00000000080003fe                HardFault_Handler
 .text.MemManage_Handler
                0x0000000008000404        0x6 ./Core/Src/stm32f1xx_it.o
                0x0000000008000404                MemManage_Handler
 .text.BusFault_Handler
                0x000000000800040a        0x6 ./Core/Src/stm32f1xx_it.o
                0x000000000800040a                BusFault_Handler
 .text.UsageFault_Handler
                0x0000000008000410        0x6 ./Core/Src/stm32f1xx_it.o
                0x0000000008000410                UsageFault_Handler
 .text.SVC_Handler
                0x0000000008000416        0xc ./Core/Src/stm32f1xx_it.o
                0x0000000008000416                SVC_Handler
 .text.DebugMon_Handler
                0x0000000008000422        0xc ./Core/Src/stm32f1xx_it.o
                0x0000000008000422                DebugMon_Handler
 .text.PendSV_Handler
                0x000000000800042e        0xc ./Core/Src/stm32f1xx_it.o
                0x000000000800042e                PendSV_Handler
 .text.SysTick_Handler
                0x000000000800043a        0xc ./Core/Src/stm32f1xx_it.o
                0x000000000800043a                SysTick_Handler
 .text.SystemInit
                0x0000000008000446        0xc ./Core/Src/system_stm32f1xx.o
                0x0000000008000446                SystemInit
 *fill*         0x0000000008000452        0x2 
 .text.Reset_Handler
                0x0000000008000454       0x48 ./Core/Startup/startup_stm32f103c8tx.o
                0x0000000008000454                Reset_Handler
 .text.Default_Handler
                0x000000000800049c        0x2 ./Core/Startup/startup_stm32f103c8tx.o
                0x000000000800049c                RTC_Alarm_IRQHandler
                0x000000000800049c                EXTI2_IRQHandler
                0x000000000800049c                TIM1_CC_IRQHandler
                0x000000000800049c                PVD_IRQHandler
                0x000000000800049c                EXTI3_IRQHandler
                0x000000000800049c                EXTI0_IRQHandler
                0x000000000800049c                I2C2_EV_IRQHandler
                0x000000000800049c                ADC1_2_IRQHandler
                0x000000000800049c                SPI1_IRQHandler
                0x000000000800049c                TAMPER_IRQHandler
                0x000000000800049c                DMA1_Channel4_IRQHandler
                0x000000000800049c                USART3_IRQHandler
                0x000000000800049c                RTC_IRQHandler
                0x000000000800049c                DMA1_Channel7_IRQHandler
                0x000000000800049c                CAN1_RX1_IRQHandler
                0x000000000800049c                TIM4_IRQHandler
                0x000000000800049c                I2C1_EV_IRQHandler
                0x000000000800049c                DMA1_Channel6_IRQHandler
                0x000000000800049c                TIM3_IRQHandler
                0x000000000800049c                RCC_IRQHandler
                0x000000000800049c                TIM1_TRG_COM_IRQHandler
                0x000000000800049c                DMA1_Channel1_IRQHandler
                0x000000000800049c                Default_Handler
                0x000000000800049c                EXTI15_10_IRQHandler
                0x000000000800049c                EXTI9_5_IRQHandler
                0x000000000800049c                SPI2_IRQHandler
                0x000000000800049c                DMA1_Channel5_IRQHandler
                0x000000000800049c                EXTI4_IRQHandler
                0x000000000800049c                USB_LP_CAN1_RX0_IRQHandler
                0x000000000800049c                USB_HP_CAN1_TX_IRQHandler
                0x000000000800049c                DMA1_Channel3_IRQHandler
                0x000000000800049c                TIM1_UP_IRQHandler
                0x000000000800049c                WWDG_IRQHandler
                0x000000000800049c                TIM2_IRQHandler
                0x000000000800049c                TIM1_BRK_IRQHandler
                0x000000000800049c                EXTI1_IRQHandler
                0x000000000800049c                USART2_IRQHandler
                0x000000000800049c                I2C2_ER_IRQHandler
                0x000000000800049c                DMA1_Channel2_IRQHandler
                0x000000000800049c                CAN1_SCE_IRQHandler
                0x000000000800049c                FLASH_IRQHandler
                0x000000000800049c                USART1_IRQHandler
                0x000000000800049c                I2C1_ER_IRQHandler
                0x000000000800049c                USBWakeUp_IRQHandler
 *fill*         0x000000000800049e        0x2 
 .text.HAL_Init
                0x00000000080004a0       0x2c ./Drivers/STM32F1xx_HAL_Driver/Src/stm32f1xx_hal.o
                0x00000000080004a0                HAL_Init
 .text.HAL_InitTick
                0x00000000080004cc       0x60 ./Drivers/STM32F1xx_HAL_Driver/Src/stm32f1xx_hal.o
                0x00000000080004cc                HAL_InitTick
 .text.HAL_IncTick
                0x000000000800052c       0x24 ./Drivers/STM32F1xx_HAL_Driver/Src/stm32f1xx_hal.o
                0x000000000800052c                HAL_IncTick
 .text.HAL_GetTick
                0x0000000008000550       0x14 ./Drivers/STM32F1xx_HAL_Driver/Src/stm32f1xx_hal.o
                0x0000000008000550                HAL_GetTick
 .text.__NVIC_SetPriorityGrouping
                0x0000000008000564       0x48 ./Drivers/STM32F1xx_HAL_Driver/Src/stm32f1xx_hal_cortex.o
 .text.__NVIC_GetPriorityGrouping
                0x00000000080005ac       0x1c ./Drivers/STM32F1xx_HAL_Driver/Src/stm32f1xx_hal_cortex.o
 .text.__NVIC_SetPriority
                0x00000000080005c8       0x54 ./Drivers/STM32F1xx_HAL_Driver/Src/stm32f1xx_hal_cortex.o
 .text.NVIC_EncodePriority
                0x000000000800061c       0x64 ./Drivers/STM32F1xx_HAL_Driver/Src/stm32f1xx_hal_cortex.o
 .text.SysTick_Config
                0x0000000008000680       0x44 ./Drivers/STM32F1xx_HAL_Driver/Src/stm32f1xx_hal_cortex.o
 .text.HAL_NVIC_SetPriorityGrouping
                0x00000000080006c4       0x16 ./Drivers/STM32F1xx_HAL_Driver/Src/stm32f1xx_hal_cortex.o
                0x00000000080006c4                HAL_NVIC_SetPriorityGrouping
 .text.HAL_NVIC_SetPriority
                0x00000000080006da       0x38 ./Drivers/STM32F1xx_HAL_Driver/Src/stm32f1xx_hal_cortex.o
                0x00000000080006da                HAL_NVIC_SetPriority
 .text.HAL_SYSTICK_Config
                0x0000000008000712       0x18 ./Drivers/STM32F1xx_HAL_Driver/Src/stm32f1xx_hal_cortex.o
                0x0000000008000712                HAL_SYSTICK_Config
 *fill*         0x000000000800072a        0x2 
 .text.HAL_GPIO_Init
                0x000000000800072c      0x308 ./Drivers/STM32F1xx_HAL_Driver/Src/stm32f1xx_hal_gpio.o
                0x000000000800072c                HAL_GPIO_Init
 .text.HAL_GPIO_WritePin
                0x0000000008000a34       0x30 ./Drivers/STM32F1xx_HAL_Driver/Src/stm32f1xx_hal_gpio.o
                0x0000000008000a34                HAL_GPIO_WritePin
 .text.HAL_RCC_OscConfig
                0x0000000008000a64      0x500 ./Drivers/STM32F1xx_HAL_Driver/Src/stm32f1xx_hal_rcc.o
                0x0000000008000a64                HAL_RCC_OscConfig
 .text.HAL_RCC_ClockConfig
                0x0000000008000f64      0x1d4 ./Drivers/STM32F1xx_HAL_Driver/Src/stm32f1xx_hal_rcc.o
                0x0000000008000f64                HAL_RCC_ClockConfig
 .text.HAL_RCC_GetSysClockFreq
                0x0000000008001138       0xc0 ./Drivers/STM32F1xx_HAL_Driver/Src/stm32f1xx_hal_rcc.o
                0x0000000008001138                HAL_RCC_GetSysClockFreq
 .text.HAL_RCC_GetHCLKFreq
                0x00000000080011f8       0x14 ./Drivers/STM32F1xx_HAL_Driver/Src/stm32f1xx_hal_rcc.o
                0x00000000080011f8                HAL_RCC_GetHCLKFreq
 .text.HAL_RCC_GetPCLK1Freq
                0x000000000800120c       0x28 ./Drivers/STM32F1xx_HAL_Driver/Src/stm32f1xx_hal_rcc.o
                0x000000000800120c                HAL_RCC_GetPCLK1Freq
 .text.HAL_RCC_GetPCLK2Freq
                0x0000000008001234       0x28 ./Drivers/STM32F1xx_HAL_Driver/Src/stm32f1xx_hal_rcc.o
                0x0000000008001234                HAL_RCC_GetPCLK2Freq
 .text.RCC_Delay
                0x000000000800125c       0x3c ./Drivers/STM32F1xx_HAL_Driver/Src/stm32f1xx_hal_rcc.o
 .text.HAL_UART_Init
                0x0000000008001298       0x9a ./Drivers/STM32F1xx_HAL_Driver/Src/stm32f1xx_hal_uart.o
                0x0000000008001298                HAL_UART_Init
 *fill*         0x0000000008001332        0x2 
 .text.UART_SetConfig
                0x0000000008001334      0x11c ./Drivers/STM32F1xx_HAL_Driver/Src/stm32f1xx_hal_uart.o
 .text.__libc_init_array
                0x0000000008001450       0x48 c:/st/stm32cubeide_1.8.0/stm32cubeide/plugins/com.st.stm32cube.ide.mcu.externaltools.gnu-tools-for-stm32.9-2020-q2-update.win32_2.0.0.202105311346/tools/bin/../lib/gcc/arm-none-eabi/9.3.1/../../../../arm-none-eabi/lib/thumb/v7-m/nofp\libc_nano.a(lib_a-init.o)
                0x0000000008001450                __libc_init_array
 .text.memset   0x0000000008001498       0x10 c:/st/stm32cubeide_1.8.0/stm32cubeide/plugins/com.st.stm32cube.ide.mcu.externaltools.gnu-tools-for-stm32.9-2020-q2-update.win32_2.0.0.202105311346/tools/bin/../lib/gcc/arm-none-eabi/9.3.1/../../../../arm-none-eabi/lib/thumb/v7-m/nofp\libc_nano.a(lib_a-memset.o)
                0x0000000008001498                memset
 *(.glue_7)
 .glue_7        0x00000000080014a8        0x0 linker stubs
 *(.glue_7t)
 .glue_7t       0x00000000080014a8        0x0 linker stubs
 *(.eh_frame)
 .eh_frame      0x00000000080014a8        0x0 c:/st/stm32cubeide_1.8.0/stm32cubeide/plugins/com.st.stm32cube.ide.mcu.externaltools.gnu-tools-for-stm32.9-2020-q2-update.win32_2.0.0.202105311346/tools/bin/../lib/gcc/arm-none-eabi/9.3.1/thumb/v7-m/nofp/crtbegin.o
 *(.init)
 .init          0x00000000080014a8        0x4 c:/st/stm32cubeide_1.8.0/stm32cubeide/plugins/com.st.stm32cube.ide.mcu.externaltools.gnu-tools-for-stm32.9-2020-q2-update.win32_2.0.0.202105311346/tools/bin/../lib/gcc/arm-none-eabi/9.3.1/thumb/v7-m/nofp/crti.o
                0x00000000080014a8                _init
 .init          0x00000000080014ac        0x8 c:/st/stm32cubeide_1.8.0/stm32cubeide/plugins/com.st.stm32cube.ide.mcu.externaltools.gnu-tools-for-stm32.9-2020-q2-update.win32_2.0.0.202105311346/tools/bin/../lib/gcc/arm-none-eabi/9.3.1/thumb/v7-m/nofp/crtn.o
 *(.fini)
 .fini          0x00000000080014b4        0x4 c:/st/stm32cubeide_1.8.0/stm32cubeide/plugins/com.st.stm32cube.ide.mcu.externaltools.gnu-tools-for-stm32.9-2020-q2-update.win32_2.0.0.202105311346/tools/bin/../lib/gcc/arm-none-eabi/9.3.1/thumb/v7-m/nofp/crti.o
                0x00000000080014b4                _fini
 .fini          0x00000000080014b8        0x8 c:/st/stm32cubeide_1.8.0/stm32cubeide/plugins/com.st.stm32cube.ide.mcu.externaltools.gnu-tools-for-stm32.9-2020-q2-update.win32_2.0.0.202105311346/tools/bin/../lib/gcc/arm-none-eabi/9.3.1/thumb/v7-m/nofp/crtn.o
                0x00000000080014c0                . = ALIGN (0x4)
                0x00000000080014c0                _etext = .

.vfp11_veneer   0x00000000080014c0        0x0
 .vfp11_veneer  0x00000000080014c0        0x0 linker stubs

.v4_bx          0x00000000080014c0        0x0
 .v4_bx         0x00000000080014c0        0x0 linker stubs

.iplt           0x00000000080014c0        0x0
 .iplt          0x00000000080014c0        0x0 c:/st/stm32cubeide_1.8.0/stm32cubeide/plugins/com.st.stm32cube.ide.mcu.externaltools.gnu-tools-for-stm32.9-2020-q2-update.win32_2.0.0.202105311346/tools/bin/../lib/gcc/arm-none-eabi/9.3.1/thumb/v7-m/nofp/crtbegin.o

.rodata         0x00000000080014c0       0x28
                0x00000000080014c0                . = ALIGN (0x4)
 *(.rodata)
 .rodata        0x00000000080014c0       0x10 ./Drivers/STM32F1xx_HAL_Driver/Src/stm32f1xx_hal_rcc.o
 *(.rodata*)
 .rodata.AHBPrescTable
                0x00000000080014d0       0x10 ./Core/Src/system_stm32f1xx.o
                0x00000000080014d0                AHBPrescTable
 .rodata.APBPrescTable
                0x00000000080014e0        0x8 ./Core/Src/system_stm32f1xx.o
                0x00000000080014e0                APBPrescTable
                0x00000000080014e8                . = ALIGN (0x4)

.rel.dyn        0x00000000080014e8        0x0
 .rel.iplt      0x00000000080014e8        0x0 c:/st/stm32cubeide_1.8.0/stm32cubeide/plugins/com.st.stm32cube.ide.mcu.externaltools.gnu-tools-for-stm32.9-2020-q2-update.win32_2.0.0.202105311346/tools/bin/../lib/gcc/arm-none-eabi/9.3.1/thumb/v7-m/nofp/crtbegin.o

.ARM.extab      0x00000000080014e8        0x0
                0x00000000080014e8                . = ALIGN (0x4)
 *(.ARM.extab* .gnu.linkonce.armextab.*)
                0x00000000080014e8                . = ALIGN (0x4)

.ARM            0x00000000080014e8        0x0
                0x00000000080014e8                . = ALIGN (0x4)
                0x00000000080014e8                __exidx_start = .
 *(.ARM.exidx*)
                0x00000000080014e8                __exidx_end = .
                0x00000000080014e8                . = ALIGN (0x4)

.preinit_array  0x00000000080014e8        0x0
                0x00000000080014e8                . = ALIGN (0x4)
                0x00000000080014e8                PROVIDE (__preinit_array_start = .)
 *(.preinit_array*)
                0x00000000080014e8                PROVIDE (__preinit_array_end = .)
                0x00000000080014e8                . = ALIGN (0x4)

.init_array     0x00000000080014e8        0x4
                0x00000000080014e8                . = ALIGN (0x4)
                0x00000000080014e8                PROVIDE (__init_array_start = .)
 *(SORT_BY_NAME(.init_array.*))
 *(.init_array*)
 .init_array    0x00000000080014e8        0x4 c:/st/stm32cubeide_1.8.0/stm32cubeide/plugins/com.st.stm32cube.ide.mcu.externaltools.gnu-tools-for-stm32.9-2020-q2-update.win32_2.0.0.202105311346/tools/bin/../lib/gcc/arm-none-eabi/9.3.1/thumb/v7-m/nofp/crtbegin.o
                0x00000000080014ec                PROVIDE (__init_array_end = .)
                0x00000000080014ec                . = ALIGN (0x4)

.fini_array     0x00000000080014ec        0x4
                0x00000000080014ec                . = ALIGN (0x4)
                [!provide]                        PROVIDE (__fini_array_start = .)
 *(SORT_BY_NAME(.fini_array.*))
 *(.fini_array*)
 .fini_array    0x00000000080014ec        0x4 c:/st/stm32cubeide_1.8.0/stm32cubeide/plugins/com.st.stm32cube.ide.mcu.externaltools.gnu-tools-for-stm32.9-2020-q2-update.win32_2.0.0.202105311346/tools/bin/../lib/gcc/arm-none-eabi/9.3.1/thumb/v7-m/nofp/crtbegin.o
                [!provide]                        PROVIDE (__fini_array_end = .)
                0x00000000080014f0                . = ALIGN (0x4)
                0x00000000080014f0                _sidata = LOADADDR (.data)

.data           0x0000000020000000        0xc load address 0x00000000080014f0
                0x0000000020000000                . = ALIGN (0x4)
                0x0000000020000000                _sdata = .
 *(.data)
 *(.data*)
 .data.SystemCoreClock
                0x0000000020000000        0x4 ./Core/Src/system_stm32f1xx.o
                0x0000000020000000                SystemCoreClock
 .data.uwTickPrio
                0x0000000020000004        0x4 ./Drivers/STM32F1xx_HAL_Driver/Src/stm32f1xx_hal.o
                0x0000000020000004                uwTickPrio
 .data.uwTickFreq
                0x0000000020000008        0x1 ./Drivers/STM32F1xx_HAL_Driver/Src/stm32f1xx_hal.o
                0x0000000020000008                uwTickFreq
 *(.RamFunc)
 *(.RamFunc*)
                0x000000002000000c                . = ALIGN (0x4)
 *fill*         0x0000000020000009        0x3 
                0x000000002000000c                _edata = .

.igot.plt       0x000000002000000c        0x0 load address 0x00000000080014fc
 .igot.plt      0x000000002000000c        0x0 c:/st/stm32cubeide_1.8.0/stm32cubeide/plugins/com.st.stm32cube.ide.mcu.externaltools.gnu-tools-for-stm32.9-2020-q2-update.win32_2.0.0.202105311346/tools/bin/../lib/gcc/arm-none-eabi/9.3.1/thumb/v7-m/nofp/crtbegin.o
                0x000000002000000c                . = ALIGN (0x4)

.bss            0x000000002000000c       0x64 load address 0x00000000080014fc
                0x000000002000000c                _sbss = .
                0x000000002000000c                __bss_start__ = _sbss
 *(.bss)
 .bss           0x000000002000000c       0x1c c:/st/stm32cubeide_1.8.0/stm32cubeide/plugins/com.st.stm32cube.ide.mcu.externaltools.gnu-tools-for-stm32.9-2020-q2-update.win32_2.0.0.202105311346/tools/bin/../lib/gcc/arm-none-eabi/9.3.1/thumb/v7-m/nofp/crtbegin.o
 *(.bss*)
 *(COMMON)
 COMMON         0x0000000020000028        0x4 ./Drivers/STM32F1xx_HAL_Driver/Src/stm32f1xx_hal.o
                0x0000000020000028                uwTick
 COMMON         0x000000002000002c       0x44 ./LEC315/Src/LEC315.o
                0x000000002000002c                huart3
                0x0000000020000070                . = ALIGN (0x4)
                0x0000000020000070                _ebss = .
                0x0000000020000070                __bss_end__ = _ebss

._user_heap_stack
                0x0000000020000070      0x600 load address 0x00000000080014fc
                0x0000000020000070                . = ALIGN (0x8)
                [!provide]                        PROVIDE (end = .)
                0x0000000020000070                PROVIDE (_end = .)
                0x0000000020000270                . = (. + _Min_Heap_Size)
 *fill*         0x0000000020000070      0x200 
                0x0000000020000670                . = (. + _Min_Stack_Size)
 *fill*         0x0000000020000270      0x400 
                0x0000000020000670                . = ALIGN (0x8)

/DISCARD/
 libc.a(*)
 libm.a(*)
 libgcc.a(*)

.ARM.attributes
                0x0000000000000000       0x29
 *(.ARM.attributes)
 .ARM.attributes
                0x0000000000000000       0x1d c:/st/stm32cubeide_1.8.0/stm32cubeide/plugins/com.st.stm32cube.ide.mcu.externaltools.gnu-tools-for-stm32.9-2020-q2-update.win32_2.0.0.202105311346/tools/bin/../lib/gcc/arm-none-eabi/9.3.1/thumb/v7-m/nofp/crti.o
 .ARM.attributes
                0x000000000000001d       0x2d c:/st/stm32cubeide_1.8.0/stm32cubeide/plugins/com.st.stm32cube.ide.mcu.externaltools.gnu-tools-for-stm32.9-2020-q2-update.win32_2.0.0.202105311346/tools/bin/../lib/gcc/arm-none-eabi/9.3.1/thumb/v7-m/nofp/crtbegin.o
 .ARM.attributes
                0x000000000000004a       0x2d ./Core/Src/main.o
 .ARM.attributes
                0x0000000000000077       0x2d ./Core/Src/stm32f1xx_hal_msp.o
 .ARM.attributes
                0x00000000000000a4       0x2d ./Core/Src/stm32f1xx_it.o
 .ARM.attributes
                0x00000000000000d1       0x2d ./Core/Src/system_stm32f1xx.o
 .ARM.attributes
                0x00000000000000fe       0x21 ./Core/Startup/startup_stm32f103c8tx.o
 .ARM.attributes
                0x000000000000011f       0x2d ./Drivers/STM32F1xx_HAL_Driver/Src/stm32f1xx_hal.o
 .ARM.attributes
                0x000000000000014c       0x2d ./Drivers/STM32F1xx_HAL_Driver/Src/stm32f1xx_hal_cortex.o
 .ARM.attributes
                0x0000000000000179       0x2d ./Drivers/STM32F1xx_HAL_Driver/Src/stm32f1xx_hal_gpio.o
 .ARM.attributes
                0x00000000000001a6       0x2d ./Drivers/STM32F1xx_HAL_Driver/Src/stm32f1xx_hal_rcc.o
 .ARM.attributes
                0x00000000000001d3       0x2d ./Drivers/STM32F1xx_HAL_Driver/Src/stm32f1xx_hal_uart.o
 .ARM.attributes
                0x0000000000000200       0x2d ./LEC315/Src/LEC315.o
 .ARM.attributes
                0x000000000000022d       0x2d c:/st/stm32cubeide_1.8.0/stm32cubeide/plugins/com.st.stm32cube.ide.mcu.externaltools.gnu-tools-for-stm32.9-2020-q2-update.win32_2.0.0.202105311346/tools/bin/../lib/gcc/arm-none-eabi/9.3.1/../../../../arm-none-eabi/lib/thumb/v7-m/nofp\libc_nano.a(lib_a-init.o)
 .ARM.attributes
                0x000000000000025a       0x2d c:/st/stm32cubeide_1.8.0/stm32cubeide/plugins/com.st.stm32cube.ide.mcu.externaltools.gnu-tools-for-stm32.9-2020-q2-update.win32_2.0.0.202105311346/tools/bin/../lib/gcc/arm-none-eabi/9.3.1/../../../../arm-none-eabi/lib/thumb/v7-m/nofp\libc_nano.a(lib_a-memset.o)
 .ARM.attributes
                0x0000000000000287       0x1d c:/st/stm32cubeide_1.8.0/stm32cubeide/plugins/com.st.stm32cube.ide.mcu.externaltools.gnu-tools-for-stm32.9-2020-q2-update.win32_2.0.0.202105311346/tools/bin/../lib/gcc/arm-none-eabi/9.3.1/thumb/v7-m/nofp/crtn.o
OUTPUT(STM32_HAL_LEC315.elf elf32-littlearm)
LOAD linker stubs
LOAD c:/st/stm32cubeide_1.8.0/stm32cubeide/plugins/com.st.stm32cube.ide.mcu.externaltools.gnu-tools-for-stm32.9-2020-q2-update.win32_2.0.0.202105311346/tools/bin/../lib/gcc/arm-none-eabi/9.3.1/../../../../arm-none-eabi/lib/thumb/v7-m/nofp\libc.a
LOAD c:/st/stm32cubeide_1.8.0/stm32cubeide/plugins/com.st.stm32cube.ide.mcu.externaltools.gnu-tools-for-stm32.9-2020-q2-update.win32_2.0.0.202105311346/tools/bin/../lib/gcc/arm-none-eabi/9.3.1/../../../../arm-none-eabi/lib/thumb/v7-m/nofp\libm.a
LOAD c:/st/stm32cubeide_1.8.0/stm32cubeide/plugins/com.st.stm32cube.ide.mcu.externaltools.gnu-tools-for-stm32.9-2020-q2-update.win32_2.0.0.202105311346/tools/bin/../lib/gcc/arm-none-eabi/9.3.1/thumb/v7-m/nofp\libgcc.a

.debug_info     0x0000000000000000     0x6d2d
 .debug_info    0x0000000000000000     0x12c8 ./Core/Src/main.o
 .debug_info    0x00000000000012c8      0x8d7 ./Core/Src/stm32f1xx_hal_msp.o
 .debug_info    0x0000000000001b9f      0x222 ./Core/Src/stm32f1xx_it.o
 .debug_info    0x0000000000001dc1      0x2be ./Core/Src/system_stm32f1xx.o
 .debug_info    0x000000000000207f       0x22 ./Core/Startup/startup_stm32f103c8tx.o
 .debug_info    0x00000000000020a1      0x76a ./Drivers/STM32F1xx_HAL_Driver/Src/stm32f1xx_hal.o
 .debug_info    0x000000000000280b      0xbdc ./Drivers/STM32F1xx_HAL_Driver/Src/stm32f1xx_hal_cortex.o
 .debug_info    0x00000000000033e7      0x701 ./Drivers/STM32F1xx_HAL_Driver/Src/stm32f1xx_hal_gpio.o
 .debug_info    0x0000000000003ae8      0x88e ./Drivers/STM32F1xx_HAL_Driver/Src/stm32f1xx_hal_rcc.o
 .debug_info    0x0000000000004376     0x161a ./Drivers/STM32F1xx_HAL_Driver/Src/stm32f1xx_hal_uart.o
 .debug_info    0x0000000000005990     0x139d ./LEC315/Src/LEC315.o

.debug_abbrev   0x0000000000000000     0x151c
 .debug_abbrev  0x0000000000000000      0x297 ./Core/Src/main.o
 .debug_abbrev  0x0000000000000297      0x1ac ./Core/Src/stm32f1xx_hal_msp.o
 .debug_abbrev  0x0000000000000443       0xd2 ./Core/Src/stm32f1xx_it.o
 .debug_abbrev  0x0000000000000515      0x14e ./Core/Src/system_stm32f1xx.o
 .debug_abbrev  0x0000000000000663       0x12 ./Core/Startup/startup_stm32f103c8tx.o
 .debug_abbrev  0x0000000000000675      0x1ed ./Drivers/STM32F1xx_HAL_Driver/Src/stm32f1xx_hal.o
 .debug_abbrev  0x0000000000000862      0x313 ./Drivers/STM32F1xx_HAL_Driver/Src/stm32f1xx_hal_cortex.o
 .debug_abbrev  0x0000000000000b75      0x1e8 ./Drivers/STM32F1xx_HAL_Driver/Src/stm32f1xx_hal_gpio.o
 .debug_abbrev  0x0000000000000d5d      0x273 ./Drivers/STM32F1xx_HAL_Driver/Src/stm32f1xx_hal_rcc.o
 .debug_abbrev  0x0000000000000fd0      0x28b ./Drivers/STM32F1xx_HAL_Driver/Src/stm32f1xx_hal_uart.o
 .debug_abbrev  0x000000000000125b      0x2c1 ./LEC315/Src/LEC315.o

.debug_aranges  0x0000000000000000      0x630
 .debug_aranges
                0x0000000000000000       0x40 ./Core/Src/main.o
 .debug_aranges
                0x0000000000000040       0x30 ./Core/Src/stm32f1xx_hal_msp.o
 .debug_aranges
                0x0000000000000070       0x60 ./Core/Src/stm32f1xx_it.o
 .debug_aranges
                0x00000000000000d0       0x28 ./Core/Src/system_stm32f1xx.o
 .debug_aranges
                0x00000000000000f8       0x28 ./Core/Startup/startup_stm32f103c8tx.o
 .debug_aranges
                0x0000000000000120       0xe0 ./Drivers/STM32F1xx_HAL_Driver/Src/stm32f1xx_hal.o
 .debug_aranges
                0x0000000000000200      0x100 ./Drivers/STM32F1xx_HAL_Driver/Src/stm32f1xx_hal_cortex.o
 .debug_aranges
                0x0000000000000300       0x58 ./Drivers/STM32F1xx_HAL_Driver/Src/stm32f1xx_hal_gpio.o
 .debug_aranges
                0x0000000000000358       0x90 ./Drivers/STM32F1xx_HAL_Driver/Src/stm32f1xx_hal_rcc.o
 .debug_aranges
                0x00000000000003e8      0x200 ./Drivers/STM32F1xx_HAL_Driver/Src/stm32f1xx_hal_uart.o
 .debug_aranges
                0x00000000000005e8       0x48 ./LEC315/Src/LEC315.o

.debug_ranges   0x0000000000000000      0x5b8
 .debug_ranges  0x0000000000000000       0x30 ./Core/Src/main.o
 .debug_ranges  0x0000000000000030       0x20 ./Core/Src/stm32f1xx_hal_msp.o
 .debug_ranges  0x0000000000000050       0x50 ./Core/Src/stm32f1xx_it.o
 .debug_ranges  0x00000000000000a0       0x18 ./Core/Src/system_stm32f1xx.o
 .debug_ranges  0x00000000000000b8       0x20 ./Core/Startup/startup_stm32f103c8tx.o
 .debug_ranges  0x00000000000000d8       0xd0 ./Drivers/STM32F1xx_HAL_Driver/Src/stm32f1xx_hal.o
 .debug_ranges  0x00000000000001a8       0xf0 ./Drivers/STM32F1xx_HAL_Driver/Src/stm32f1xx_hal_cortex.o
 .debug_ranges  0x0000000000000298       0x48 ./Drivers/STM32F1xx_HAL_Driver/Src/stm32f1xx_hal_gpio.o
 .debug_ranges  0x00000000000002e0       0x80 ./Drivers/STM32F1xx_HAL_Driver/Src/stm32f1xx_hal_rcc.o
 .debug_ranges  0x0000000000000360      0x220 ./Drivers/STM32F1xx_HAL_Driver/Src/stm32f1xx_hal_uart.o
 .debug_ranges  0x0000000000000580       0x38 ./LEC315/Src/LEC315.o

.debug_macro    0x0000000000000000    0x16bff
 .debug_macro   0x0000000000000000      0x257 ./Core/Src/main.o
 .debug_macro   0x0000000000000257      0xa9c ./Core/Src/main.o
 .debug_macro   0x0000000000000cf3      0x215 ./Core/Src/main.o
 .debug_macro   0x0000000000000f08       0x2e ./Core/Src/main.o
 .debug_macro   0x0000000000000f36       0x22 ./Core/Src/main.o
 .debug_macro   0x0000000000000f58       0x22 ./Core/Src/main.o
 .debug_macro   0x0000000000000f7a       0x8e ./Core/Src/main.o
 .debug_macro   0x0000000000001008       0x51 ./Core/Src/main.o
 .debug_macro   0x0000000000001059      0x103 ./Core/Src/main.o
 .debug_macro   0x000000000000115c       0x6a ./Core/Src/main.o
 .debug_macro   0x00000000000011c6      0x1df ./Core/Src/main.o
 .debug_macro   0x00000000000013a5       0x1c ./Core/Src/main.o
 .debug_macro   0x00000000000013c1       0x22 ./Core/Src/main.o
 .debug_macro   0x00000000000013e3       0xc3 ./Core/Src/main.o
 .debug_macro   0x00000000000014a6      0xd23 ./Core/Src/main.o
 .debug_macro   0x00000000000021c9     0xe09e ./Core/Src/main.o
 .debug_macro   0x0000000000010267       0x6d ./Core/Src/main.o
 .debug_macro   0x00000000000102d4     0x3468 ./Core/Src/main.o
 .debug_macro   0x000000000001373c      0x174 ./Core/Src/main.o
 .debug_macro   0x00000000000138b0       0x5c ./Core/Src/main.o
 .debug_macro   0x000000000001390c      0x5be ./Core/Src/main.o
 .debug_macro   0x0000000000013eca      0x289 ./Core/Src/main.o
 .debug_macro   0x0000000000014153      0x1cb ./Core/Src/main.o
 .debug_macro   0x000000000001431e      0x114 ./Core/Src/main.o
 .debug_macro   0x0000000000014432      0x1b2 ./Core/Src/main.o
 .debug_macro   0x00000000000145e4       0x27 ./Core/Src/main.o
 .debug_macro   0x000000000001460b      0x136 ./Core/Src/main.o
 .debug_macro   0x0000000000014741      0x1bc ./Core/Src/main.o
 .debug_macro   0x00000000000148fd       0x34 ./Core/Src/main.o
 .debug_macro   0x0000000000014931       0x3c ./Core/Src/main.o
 .debug_macro   0x000000000001496d       0x57 ./Core/Src/main.o
 .debug_macro   0x00000000000149c4       0x88 ./Core/Src/main.o
 .debug_macro   0x0000000000014a4c      0x241 ./Core/Src/main.o
 .debug_macro   0x0000000000014c8d      0x141 ./Core/Src/main.o
 .debug_macro   0x0000000000014dce      0x279 ./Core/Src/main.o
 .debug_macro   0x0000000000015047       0x83 ./Core/Src/main.o
 .debug_macro   0x00000000000150ca       0x28 ./Core/Src/main.o
 .debug_macro   0x00000000000150f2       0x52 ./Core/Src/main.o
 .debug_macro   0x0000000000015144       0x18 ./Core/Src/main.o
 .debug_macro   0x000000000001515c       0x3c ./Core/Src/main.o
 .debug_macro   0x0000000000015198       0x34 ./Core/Src/main.o
 .debug_macro   0x00000000000151cc       0x16 ./Core/Src/main.o
 .debug_macro   0x00000000000151e2       0x43 ./Core/Src/main.o
 .debug_macro   0x0000000000015225       0x34 ./Core/Src/main.o
 .debug_macro   0x0000000000015259       0x10 ./Core/Src/main.o
 .debug_macro   0x0000000000015269       0x58 ./Core/Src/main.o
 .debug_macro   0x00000000000152c1       0x71 ./Core/Src/main.o
 .debug_macro   0x0000000000015332       0x1c ./Core/Src/main.o
 .debug_macro   0x000000000001534e      0x12a ./Core/Src/main.o
 .debug_macro   0x0000000000015478      0x333 ./Core/Src/main.o
 .debug_macro   0x00000000000157ab      0x1a9 ./Core/Src/main.o
 .debug_macro   0x0000000000015954       0x10 ./Core/Src/main.o
 .debug_macro   0x0000000000015964      0x19d ./Core/Src/stm32f1xx_hal_msp.o
 .debug_macro   0x0000000000015b01      0x1a7 ./Core/Src/stm32f1xx_it.o
 .debug_macro   0x0000000000015ca8      0x18e ./Core/Src/system_stm32f1xx.o
 .debug_macro   0x0000000000015e36      0x1b2 ./Drivers/STM32F1xx_HAL_Driver/Src/stm32f1xx_hal.o
 .debug_macro   0x0000000000015fe8      0x18e ./Drivers/STM32F1xx_HAL_Driver/Src/stm32f1xx_hal_cortex.o
 .debug_macro   0x0000000000016176      0x1f9 ./Drivers/STM32F1xx_HAL_Driver/Src/stm32f1xx_hal_gpio.o
 .debug_macro   0x000000000001636f      0x1a0 ./Drivers/STM32F1xx_HAL_Driver/Src/stm32f1xx_hal_rcc.o
 .debug_macro   0x000000000001650f      0x18f ./Drivers/STM32F1xx_HAL_Driver/Src/stm32f1xx_hal_uart.o
 .debug_macro   0x000000000001669e      0x285 ./LEC315/Src/LEC315.o
 .debug_macro   0x0000000000016923      0x10e ./LEC315/Src/LEC315.o
 .debug_macro   0x0000000000016a31       0x8d ./LEC315/Src/LEC315.o
 .debug_macro   0x0000000000016abe       0xbd ./LEC315/Src/LEC315.o
 .debug_macro   0x0000000000016b7b       0x56 ./LEC315/Src/LEC315.o
 .debug_macro   0x0000000000016bd1       0x2e ./LEC315/Src/LEC315.o

.debug_line     0x0000000000000000     0x6bc9
 .debug_line    0x0000000000000000      0x8a8 ./Core/Src/main.o
 .debug_line    0x00000000000008a8      0x69f ./Core/Src/stm32f1xx_hal_msp.o
 .debug_line    0x0000000000000f47      0x70e ./Core/Src/stm32f1xx_it.o
 .debug_line    0x0000000000001655      0x6ca ./Core/Src/system_stm32f1xx.o
 .debug_line    0x0000000000001d1f       0x87 ./Core/Startup/startup_stm32f103c8tx.o
 .debug_line    0x0000000000001da6      0x8f7 ./Drivers/STM32F1xx_HAL_Driver/Src/stm32f1xx_hal.o
 .debug_line    0x000000000000269d      0xadf ./Drivers/STM32F1xx_HAL_Driver/Src/stm32f1xx_hal_cortex.o
 .debug_line    0x000000000000317c      0x98e ./Drivers/STM32F1xx_HAL_Driver/Src/stm32f1xx_hal_gpio.o
 .debug_line    0x0000000000003b0a      0xd05 ./Drivers/STM32F1xx_HAL_Driver/Src/stm32f1xx_hal_rcc.o
 .debug_line    0x000000000000480f     0x19d2 ./Drivers/STM32F1xx_HAL_Driver/Src/stm32f1xx_hal_uart.o
 .debug_line    0x00000000000061e1      0x9e8 ./LEC315/Src/LEC315.o

.debug_str      0x0000000000000000    0x81c1a
 .debug_str     0x0000000000000000    0x803bb ./Core/Src/main.o
                                      0x80812 (size before relaxing)
 .debug_str     0x00000000000803bb       0x84 ./Core/Src/stm32f1xx_hal_msp.o
                                      0x7ccd6 (size before relaxing)
 .debug_str     0x000000000008043f       0xbd ./Core/Src/stm32f1xx_it.o
                                      0x7c8c6 (size before relaxing)
 .debug_str     0x00000000000804fc       0x52 ./Core/Src/system_stm32f1xx.o
                                      0x7c81a (size before relaxing)
 .debug_str     0x000000000008054e       0x36 ./Core/Startup/startup_stm32f103c8tx.o
                                         0x76 (size before relaxing)
 .debug_str     0x0000000000080584      0x568 ./Drivers/STM32F1xx_HAL_Driver/Src/stm32f1xx_hal.o
                                      0x7ceab (size before relaxing)
 .debug_str     0x0000000000080aec      0x300 ./Drivers/STM32F1xx_HAL_Driver/Src/stm32f1xx_hal_cortex.o
                                      0x7ceb3 (size before relaxing)
 .debug_str     0x0000000000080dec      0x324 ./Drivers/STM32F1xx_HAL_Driver/Src/stm32f1xx_hal_gpio.o
                                      0x7cbde (size before relaxing)
 .debug_str     0x0000000000081110      0x24f ./Drivers/STM32F1xx_HAL_Driver/Src/stm32f1xx_hal_rcc.o
                                      0x7cc17 (size before relaxing)
 .debug_str     0x000000000008135f      0x5fe ./Drivers/STM32F1xx_HAL_Driver/Src/stm32f1xx_hal_uart.o
                                      0x7d209 (size before relaxing)
 .debug_str     0x000000000008195d      0x2bd ./LEC315/Src/LEC315.o
                                      0x808ad (size before relaxing)

.comment        0x0000000000000000       0x53
 .comment       0x0000000000000000       0x53 ./Core/Src/main.o
                                         0x54 (size before relaxing)
 .comment       0x0000000000000053       0x54 ./Core/Src/stm32f1xx_hal_msp.o
 .comment       0x0000000000000053       0x54 ./Core/Src/stm32f1xx_it.o
 .comment       0x0000000000000053       0x54 ./Core/Src/system_stm32f1xx.o
 .comment       0x0000000000000053       0x54 ./Drivers/STM32F1xx_HAL_Driver/Src/stm32f1xx_hal.o
 .comment       0x0000000000000053       0x54 ./Drivers/STM32F1xx_HAL_Driver/Src/stm32f1xx_hal_cortex.o
 .comment       0x0000000000000053       0x54 ./Drivers/STM32F1xx_HAL_Driver/Src/stm32f1xx_hal_gpio.o
 .comment       0x0000000000000053       0x54 ./Drivers/STM32F1xx_HAL_Driver/Src/stm32f1xx_hal_rcc.o
 .comment       0x0000000000000053       0x54 ./Drivers/STM32F1xx_HAL_Driver/Src/stm32f1xx_hal_uart.o
 .comment       0x0000000000000053       0x54 ./LEC315/Src/LEC315.o

.debug_frame    0x0000000000000000     0x1794
 .debug_frame   0x0000000000000000       0xa8 ./Core/Src/main.o
 .debug_frame   0x00000000000000a8       0x80 ./Core/Src/stm32f1xx_hal_msp.o
 .debug_frame   0x0000000000000128      0x104 ./Core/Src/stm32f1xx_it.o
 .debug_frame   0x000000000000022c       0x58 ./Core/Src/system_stm32f1xx.o
 .debug_frame   0x0000000000000284      0x334 ./Drivers/STM32F1xx_HAL_Driver/Src/stm32f1xx_hal.o
 .debug_frame   0x00000000000005b8      0x428 ./Drivers/STM32F1xx_HAL_Driver/Src/stm32f1xx_hal_cortex.o
 .debug_frame   0x00000000000009e0      0x14c ./Drivers/STM32F1xx_HAL_Driver/Src/stm32f1xx_hal_gpio.o
 .debug_frame   0x0000000000000b2c      0x21c ./Drivers/STM32F1xx_HAL_Driver/Src/stm32f1xx_hal_rcc.o
 .debug_frame   0x0000000000000d48      0x914 ./Drivers/STM32F1xx_HAL_Driver/Src/stm32f1xx_hal_uart.o
 .debug_frame   0x000000000000165c       0xec ./LEC315/Src/LEC315.o
 .debug_frame   0x0000000000001748       0x2c c:/st/stm32cubeide_1.8.0/stm32cubeide/plugins/com.st.stm32cube.ide.mcu.externaltools.gnu-tools-for-stm32.9-2020-q2-update.win32_2.0.0.202105311346/tools/bin/../lib/gcc/arm-none-eabi/9.3.1/../../../../arm-none-eabi/lib/thumb/v7-m/nofp\libc_nano.a(lib_a-init.o)
 .debug_frame   0x0000000000001774       0x20 c:/st/stm32cubeide_1.8.0/stm32cubeide/plugins/com.st.stm32cube.ide.mcu.externaltools.gnu-tools-for-stm32.9-2020-q2-update.win32_2.0.0.202105311346/tools/bin/../lib/gcc/arm-none-eabi/9.3.1/../../../../arm-none-eabi/lib/thumb/v7-m/nofp\libc_nano.a(lib_a-memset.o)
